[azure.microsoft.com/es-es/services/azure-defender/index72e9.html]
[azure.microsoft.com/images/shared/social/azure-icon-250x250.png]
[backblue.gif]
[fade.gif]
[index.html]
[azure.microsoft.com/images/icon/live-tile/azure-70x70e13e.png]
[azure.microsoft.com/images/icon/live-tile/azure-150x150e13e.png]
[azure.microsoft.com/images/icon/live-tile/azure-310x150e13e.png]
[azure.microsoft.com/images/icon/live-tile/azure-310x310e13e.png]
[azure.microsoft.com/images/icon/favicone13e.ico]
[azure.microsoft.com/es-es/services/azure-defender/index.html]
[amp.azure.net/libs/amp/2.3.8/skins/amp-default/azuremediaplayer.min.css]
[amp.azure.net/index.html]
[azure.microsoft.com/dest/bundles/coreed57.css]
[azure.microsoft.com/images/icon/apple-touch/57x57e13e.png]
[azure.microsoft.com/images/icon/apple-touch-precomposed/57x57-precomposede13e.png]
[azure.microsoft.com/images/icon/apple-touch/72x72e13e.png]
[azure.microsoft.com/images/icon/apple-touch-precomposed/72x72-precomposede13e.png]
[azure.microsoft.com/images/icon/apple-touch/76x76e13e.png]
[azure.microsoft.com/images/icon/apple-touch-precomposed/76x76-precomposede13e.png]
[azure.microsoft.com/images/icon/apple-touch/120x120e13e.png]
[azure.microsoft.com/images/icon/apple-touch-precomposed/120x120-precomposede13e.png]
[azure.microsoft.com/images/icon/apple-touch/144x144e13e.png]
[azure.microsoft.com/images/icon/apple-touch-precomposed/144x144-precomposede13e.png]
[azure.microsoft.com/images/icon/apple-touch/152x152e13e.png]
[azure.microsoft.com/images/icon/apple-touch-precomposed/152x152-precomposede13e.png]
[azure.microsoft.com/images/icon/apple-touch/180x180e13e.png]
[azure.microsoft.com/images/icon/apple-touch-precomposed/180x180-precomposede13e.png]
[azure.microsoft.com/scripts/acom/lib/at-config.1ds-and-jslle13e.js]
[azure.microsoft.com/scripts/acom/lib/at.2.4.0e13e.js]
[azure.microsoft.com/dest/bundles/headered57.js]
[azure.microsoft.com/scripts/sundog/lib/jquery-3.3.1.mined57.js]
[azure.microsoft.com/images/page/services/azure-defender/security-1e13e.png]
[azure.microsoft.com/images/page/services/azure-defender/security-2e13e.png]
[azure.microsoft.com/images/shared/cognitive-services/security/isoe13e.png]
[azure.microsoft.com/images/shared/cognitive-services/security/csae13e.png]
[azure.microsoft.com/images/shared/cognitive-services/security/itare13e.png]
[azure.microsoft.com/images/shared/cognitive-services/security/cjise13e.png]
[azure.microsoft.com/images/shared/cognitive-services/security/hipaae13e.png]
[azure.microsoft.com/images/shared/cognitive-services/security/irse13e.png]
[azure.microsoft.com/images/shared/footer/portal-dashboard-fulle13e.png]
[azure.microsoft.com/Scripts/Acom/Components/LivePersonChate13e.js]
[azure.microsoft.com/dest/js/analyticse13e.js]
[azure.microsoft.com/dest/bundles/coreed57.js]
[azure.microsoft.com/dest/js/tagginge13e.js]
[www.google.com/index.html]
[www.google.com.br/index.html]
[p.adsymptotic.com/index.html]
[munchkin.marketo.net/munchkin.js]
[cdnssl.clicktale.net/www32/ptc/76a3450f-9b77-4456-a451-720ddc99b4c8.js]
[az725175.vo.msecnd.net/scripts/jsll-4.js]
[azure.microsoft.com/es-es/services/azure-defender/index72e9.html]
[wcpstatic.microsoft.com/mscc/lib/v2/wcp-consent.js]
[azure.microsoft.com/Scripts/Acom/analytics/acom-es-config.mine13e.js]
[azure.microsoft.com/es-es/services/azure-defender/index.html]
[amp.azure.net/index.html]
[target.microsoft.com/index.html]
[microsoftmscompoc.tt.omtrdc.net/index.html]
[az416426.vo.msecnd.net/index.html]
[login.microsoftonline.com/index.html]
[azure.microsoft.com/auth/sso/index.html]
[va.v.liveperson.net/index.html]
[accdn.lpsnmedia.net/index.html]
[lpcdn.lpsnmedia.net/index.html]
[lptag.liveperson.net/index.html]
[static-assets.dev.fs.liveperson.com/index.html]
[dc.ads.linkedin.com/index.html]
[www.linkedin.com/index.html]
[www.facebook.com/index.html]
[px.ads.linkedin.com/index.html]
[stats.g.doubleclick.net/index.html]
[googleads.g.doubleclick.net/index.html]
[p.adsymptotic.com/index.html]
[ssl.gstatic.com/gb/images/b_8d5afc09.png]
[www.google.com/images/branding/googlelogo/1x/googlelogo_white_background_color_272x92dp.png]
[www.google.com/index.html]
[www.google.com/intl/es-419/policies/privacy/index.html]
[www.google.com/intl/es-419/policies/terms/index.html]
[www.google.com.br/images/branding/googlelogo/1x/googlelogo_white_background_color_272x92dp.png]
[www.google.com.br/index.html]
[www.google.com.br/intl/es-419/policies/privacy/index.html]
[www.google.com.br/intl/es-419/policies/terms/index.html]
[adservice.google.com/index.html]
[cdnssl.clicktale.net/index.html]
[munchkin.marketo.net/index.html]
[az725175.vo.msecnd.net/index.html]
[dpm.demdex.net/index.html]
[wcpstatic.microsoft.com/index.html]
[www.google.com/intl/es-419/ads/index.html]
[www.google.com/services/index.html]
[www.google.com/intl/es-419/about/index.html]
[www.google.com/intl/es-419/policies/privacy/index.html]
[www.google.com/intl/es-419/policies/terms/index.html]
[www.google.com.br/intl/es-419/ads/index.html]
[www.google.com.br/services/index.html]
[www.google.com.br/intl/es-419/about/index.html]
[www.google.com.br/intl/es-419/policies/privacy/index.html]
[www.google.com.br/intl/es-419/policies/terms/index.html]
[dc.services.visualstudio.com/index.html]
[www.google.com/intl/es-419/policies/privacy/curl.html]
[www.google.com/intl/es-419/policies/terms/curl.html]
[www.google.com.br/intl/es-419/policies/privacy/curl.html]
[www.google.com.br/intl/es-419/policies/terms/curl.html]
[conductor.clicktale.net/index.html]
[ing-district.clicktale.net/index.html]
[web.vortex.data.microsoft.com/index.html]
[azure.microsoft.com/images/icon/apple-touch/180x180e13e.png]
[azure.microsoft.com/images/page/services/azure-defender/security-1e13e.png]
[azure.microsoft.com/images/shared/cognitive-services/security/isoe13e.png]
[azure.microsoft.com/images/page/services/azure-defender/security-2e13e.png]
[azure.microsoft.com/images/shared/cognitive-services/security/csae13e.png]
[azure.microsoft.com/images/shared/cognitive-services/security/cjise13e.png]
[cdnssl.clicktale.net/www32/ptc/76a3450f-9b77-4456-a451-720ddc99b4c8.js]
[azure.microsoft.com/images/shared/cognitive-services/security/irse13e.png]
[azure.microsoft.com/images/shared/cognitive-services/security/hipaae13e.png]
[amp.azure.net/libs/amp/2.3.8/skins/amp-default/assets/fonts/azuremediaplayer.eot]
[az725175.vo.msecnd.net/scripts/jsll-4.js]
[azure.microsoft.com/images/shared/footer/portal-dashboard-fulle13e.png]
[ssl.gstatic.com/gb/images/b_8d5afc09.png]
[wcpstatic.microsoft.com/mscc/lib/v2/wcp-consent.js]
[amp.azure.net/libs/amp/2.3.8/skins/amp-default/assets/fonts/azuremediaplayer.woff]
[amp.azure.net/libs/amp/2.3.8/skins/amp-default/assets/fonts/azuremediaplayer.ttf]
[amp.azure.net/libs/amp/2.3.8/skins/amp-default/assets/icons/live-edge-hover.gif]
[amp.azure.net/libs/amp/2.3.8/skins/amp-default/assets/icons/buffering-rainbow-bg.png]
[amp.azure.net/libs/amp/2.3.8/skins/amp-default/assets/icons/buffering-rainbow.gif]
[amp.azure.net/libs/amp/2.3.8/skins/amp-default/assets/icons/amslogo.png]
[amp.azure.net/libs/amp/2.3.8/skins/amp-default/azuremediaplayer.min.css]
[azure.microsoft.com/cvt-22502bec79aa9bc9c8c953c7d9c2c058916a2f01ca42378f6b81409b59e41c2a/images/page/calculator/calc-app-loading.gif]
[azure.microsoft.com/cvt-bb3faba15c34f7049c43786a4623e747ff863edd19fbb0f443fae2926b3f77d0/images/page/pricing/index-v2/tco-screen.png]
[azure.microsoft.com/cvt-259a969937c6f33414bd9c7f2b927097aa03c25f818c6b49983acdc74cf93cea/less/images/card/sap-illustration.png]
[azure.microsoft.com/cvt-f0fdc6a588aeca94c815a0afd4f1c171d3a13fd105a1edbb16cbac49a975e68d/less/images/card/azure-stack-hci.png]
[azure.microsoft.com/cvt-c286c3d2d72f6971a651a0b618f7e5140fe7adb116d8b8bb0646073d7817725f/less/images/card/azure-quantum.gif]
[azure.microsoft.com/cvt-f54852143c5ebad67841539c09a0f08ce9c0f00876f2dfe3f8692ee9bb1ffe84/less/images/card/graph-data-connect.jpg]
[azure.microsoft.com/cvt-6814d21ce2cabd5ffd03eada15289b9c2687bcd92887481f2ab1fe3b0377b3a1/less/images/card/regions-map.png]
[azure.microsoft.com/cvt-7c512fe1a7889516522d2ccac893a0baf09e23430fb60f4ab10f5e4a2f2b91a8/less/images/card/power-bi-embedded.png]
[azure.microsoft.com/cvt-d29b0f3434a4fe6f8229900df63f8f081139a273746b090339d7c088d7e809e8/less/images/card/visual-studio.png]
[azure.microsoft.com/cvt-a409b79640424af1b19e17d67467550c8a420aa600132db86a5fd3c5586bfdf6/less/images/card/partner-graphic.png]
[azure.microsoft.com/cvt-4bf8d66b2e551b87e06e68bdd89e9b32e91a8f06f0e19ffd4e2ee06546a5a5de/less/images/card/develop-apps.png]
[azure.microsoft.com/cvt-a2e0c3db5fd8bc7e9cdb8f1e73a04ad483a61589d8eb6b1a4c6abcecaf47ebb9/less/images/card/solutions-devops.jpg]
[azure.microsoft.com/cvt-c5a893feeec8127ec95cf84a4366f09671f7b8b1c06837c661375a030cb2d14e/less/images/card/migration-journey.png]
[azure.microsoft.com/cvt-a964664ac99fc6a4755024968f2bfa57864bf99e30da030a6729b6bdc8198373/less/images/card/iot-plug-play.png]
[azure.microsoft.com/cvt-148d52e7dc1db348fc491dfbb87ae3d2fdeda9349d0ed42114e4b7786568c40f/less/images/card/azure-stack.png]
[azure.microsoft.com/cvt-2738e7b3723b44a3eafbfe2e2dc489c6b2495110bbe29dd74523929f947695e7/less/images/card/build-ai-skills.png]
[azure.microsoft.com/cvt-a11fc6c6b0ff343687cae11bae6d40a0a1283a5a1ce3ae3bde29398c94fdc461/less/images/card/build-and-scale.png]
[azure.microsoft.com/cvt-2b92934609d3c786f6007bebf5176cc3e459c7d457102769143078886c00a3bb/less/images/card/government.jpg]
[azure.microsoft.com/cvt-148d52e7dc1db348fc491dfbb87ae3d2fdeda9349d0ed42114e4b7786568c40f/less/images/card/azure-stack.png]
[azure.microsoft.com/cvt-22ae787b232e4bff88b74eed29df3b542a742c5f46770a88ec4413e91db08581/less/images/card/discover-career.png]
[azure.microsoft.com/cvt-623d41e43eeb62ba1af33c44989593950665854be355cb73968ef76a43916fac/images/page/tco-calculator/loading.png]
[azure.microsoft.com/cvt-dc534547e38a0e85eb09c7e5e0da759d5844013bd89af811032012357a972f3b/less/images/spinner-rainbow.gif]
[azure.microsoft.com/cvt-06d28b0b1b09b69f857f2187193e3dfb2b1f054a59949e673927e34ab6a0b579/less/images/filter-search-spyglass.png]
[azure.microsoft.com/dest/bundles/coreed57.css]
[azure.microsoft.com/scripts/acom/lib/at-config.1ds-and-jslle13e.js]
[azure.microsoft.com/scripts/acom/lib/at.2.4.0e13e.js]
[azure.microsoft.com/dest/bundles/headered57.js]
[azure.microsoft.com/scripts/sundog/lib/jquery-3.3.1.mined57.js]
[azure.microsoft.com/images/shared/sundog/templates/services/pricing-glyphe13e.svg]
[azure.microsoft.com/images/icon/live-engage-chat/chate13e.svg]
[static-assets.dev.fs.liveperson.com/index.html]
[azure.microsoft.com/Scripts/Acom/Components/LivePersonChate13e.js]
[azure.microsoft.com/dest/bundles/coreed57.js]
[azure.microsoft.com/dest/js/analyticse13e.js]
[dc.ads.linkedin.com/index.html]
[px.ads.linkedin.com/index.html]
[azure.microsoft.com/dest/js/tagginge13e.js]
[munchkin.marketo.net/munchkin.js]
[amp.azure.net/libs/amp/2.3.8/azuremediaplayer.min.js]
[azure.microsoft.com/Scripts/Acom/analytics/acom-es-config.mine13e.js]
[amp.azure.net/libs/amp/2.3.8/skins/amp-default/assets/fonts/azuremediaplayer.svg]
[azure.microsoft.com/cvt-323144a95112981ccb203bb9589801913c43d7a7ac551509b0ccc056e20753f0/fonts/segoe-ui/light/latest.svg]
[azure.microsoft.com/cvt-0f3ba58de2cf1d250a6999307e33f0ac77f0f7b7fd6f17b84bbf8614b7ff8e76/fonts/segoe-ui/semilight/latest.svg]
[azure.microsoft.com/cvt-82ac63a5efeab76e8c1bbf04fb61f529b2c32e300c533004313b28106c39c0d2/fonts/segoe-ui/normal/latest.svg]
[azure.microsoft.com/cvt-5128458014730180e327518f9bb2bc5a9406be1899ac875d55d5ec9626d000c2/fonts/segoe-ui/semibold/latest.svg]
[azure.microsoft.com/cvt-53e7a9c3747fefca54ecce127daea6d92a09d87b108ca60c7a218d00e23be91f/fonts/segoe-ui/bold/latest.svg]
[azure.microsoft.com/cvt-5db3c2e872817a437066f41bd8c62ccedf7d4eb3da99512f2ad03711683b447a/fonts/bapimdl2/normal/latest.svg]
[azure.microsoft.com/cvt-208ab72921e1b03569819ccd183865dbc7be441faa3696549d510432b7ea0320/images/page/pricing/index-v2/calculator.svg]
[azure.microsoft.com/cvt-468c30ec4e1a331e894ad15f7964e4bafce7a077ddbde2cacb3893355c70e592/less/images/card/postgresql.svg]
[azure.microsoft.com/cvt-77622aaf40e219af3cc32ea67c868c7ff8c4af5b87ed431cb1e96c975d11c84d/less/images/card/introduce-amp.svg]
[azure.microsoft.com/cvt-6815699b99c1b1cc0d4fd0d234a42d187e83d5908bfefaa47c1472b27542f432/less/images/card/azure-technical-community.svg]
[azure.microsoft.com/cvt-7057bbdd0254820071cd090bbfa8161baf7d197a9aad747a467ae86e42e7d068/less/images/card/linux-on-azure.svg]
[azure.microsoft.com/cvt-758af17762d832f981a3577dff33044561349133248b8b0f5808f107b7b85dc6/less/images/card/sql-server-on-vms.svg]
[azure.microsoft.com/es-es/services/azure-defender/unable to load target-vec.html]
[azure.microsoft.com/es-es/services/azure-defender/loading target-vec.html]
[azure.microsoft.com/dest/bundles/menu.js]
[amp.azure.net/libs/amp/2.3.8/azuremediaplayer.min.js]
[azure.microsoft.com/es-es/services/azure-defender/trident/index-2.html]
[azure.microsoft.com/dest/bundles/menu.js]
[azure.microsoft.com/es-es/services/azure-defender/OPR/index.html]
[azure.microsoft.com/es-es/services/azure-defender/Version/index.html]
[azure.microsoft.com/es-es/services/azure-defender/Edg/index.html]
[azure.microsoft.com/es-es/services/azure-defender/GET/index.html]
